Running Gradle task 'assembleDebug'...                             23.6s
ΓêÜ Built build\app\outputs\flutter-apk\app-debug.apk
